[bplugins.net/neura/index.html]
[backblue.gif]
[fade.gif]
[index.html]
[bplugins.net/neura/assets/img/preview-template/preview-template.png]
[bplugins.net/neura/assets/img/logo/favicon.svg]
[bplugins.net/neura/assets/img/logo/icon.svg]
[bplugins.net/neura/assets/all-icons/myicon.css]
[bplugins.net/neura/assets/css/bootstrap.min.css]
[bplugins.net/neura/assets/css/plugins.css]
[bplugins.net/neura/assets/css/style.min.css]
[bplugins.net/neura/assets/css/responsive.min.css]
[bplugins.net/neura/index-2.html]
[bplugins.net/neura/assets/img/logo/Logo.svg]
[bplugins.net/neura/home-2.html]
[bplugins.net/neura/about-us.html]
[bplugins.net/neura/services.html]
[bplugins.net/neura/service-details.html]
[bplugins.net/neura/blog.html]
[bplugins.net/neura/blog-details.html]
[bplugins.net/neura/price.html]
[bplugins.net/neura/faq.html]
[bplugins.net/neura/contact.html]
[bplugins.net/neura/assets/img/banner/v1/profile-img.png]
[bplugins.net/neura/assets/img/banner/v1/shap-1.svg]
[bplugins.net/neura/assets/img/counter/v1/img-1.png]
[bplugins.net/neura/assets/img/revolutionizing-care-ai/v1/img-1.png]
[bplugins.net/neura/assets/img/service-collaboration/v1/logo-2.svg]
[bplugins.net/neura/assets/img/service-collaboration/v1/logo-1.svg]
[bplugins.net/neura/assets/img/service-collaboration/v1/logo-7.svg]
[bplugins.net/neura/assets/img/service-collaboration/v1/logo-4.svg]
[bplugins.net/neura/assets/img/work-process/v1/img-1.png]
[bplugins.net/neura/assets/img/testominial/v1/profile-1.png]
[bplugins.net/neura/assets/img/testominial/v1/profile-2.png]
[bplugins.net/neura/assets/img/team/v1/img-1.jpg]
[bplugins.net/neura/assets/img/team/v1/img-2.jpg]
[bplugins.net/neura/assets/img/team/v1/img-3.jpg]
[bplugins.net/neura/assets/img/team/v1/img-4.jpg]
[bplugins.net/neura/assets/img/faq/v1/img-1.png]
[bplugins.net/neura/assets/img/compani-logos/v1/logo-1.svg]
[bplugins.net/neura/assets/img/compani-logos/v1/logo-2.svg]
[bplugins.net/neura/assets/img/compani-logos/v1/logo-3.svg]
[bplugins.net/neura/assets/img/compani-logos/v1/logo-5.svg]
[bplugins.net/neura/assets/img/compani-logos/v1/logo-4.svg]
[bplugins.net/neura/assets/img/blogs/v1/img-1.jpg]
[bplugins.net/neura/assets/img/blogs/v1/img-2.jpg]
[bplugins.net/neura/assets/img/blogs/v1/img-3.jpg]
[bplugins.net/neura/assets/img/footer/v1/shap-1.png]
[bplugins.net/neura/assets/js/jquery-3.7.1.min.js]
[bplugins.net/neura/assets/js/bootstrap.min.js]
[bplugins.net/neura/assets/js/plugins.js]
[bplugins.net/neura/index.html]
[bplugins.net/neura/assets/img/logo/favicon.svg]
[bplugins.net/neura/assets/img/logo/icon.svg]
[bplugins.net/neura/assets/js/index.min.js]
[bplugins.net/neura/assets/all-icons/icomoon28a0.eot]
[bplugins.net/neura/assets/all-icons/icomoon28a0.ttf]
[bplugins.net/neura/assets/all-icons/icomoon28a0.woff]
[bplugins.net/neura/assets/all-icons/myicon.css]
[bplugins.net/neura/assets/all-icons/icomoon28a0.svg]
[bplugins.net/neura/assets/css/bootstrap.min.css]
[bplugins.net/neura/assets/css/plugins.css]
[bplugins.net/neura/assets/css/style.min.css]
[bplugins.net/neura/assets/css/responsive.min.css]
[bplugins.net/neura/index-2.html]
[bplugins.net/neura/assets/img/logo/Logo.svg]
[bplugins.net/neura/assets/img/logo/Logo-2.svg]
[bplugins.net/neura/assets/img/banner/v2/img-1.jpg]
[bplugins.net/neura/assets/img/banner/v2/img-2.jpg]
[bplugins.net/neura/assets/img/banner/v2/img-3.jpg]
[bplugins.net/neura/assets/img/banner/v2/robot-1.png]
[bplugins.net/neura/assets/img/banner/v2/robot-2.png]
[bplugins.net/neura/assets/img/ai-development/v1/img-1.jpg]
[bplugins.net/neura/assets/img/service-collaboration/v1/logo-3.svg]
[bplugins.net/neura/assets/img/service-collaboration/v1/logo-5.svg]
[bplugins.net/neura/assets/img/service-collaboration/v1/logo-6.svg]
[bplugins.net/neura/assets/img/work-process/v2/img-1.jpg]
[bplugins.net/neura/assets/img/testominial/v2/img-1.jpg]
[bplugins.net/neura/assets/img/testominial/v2/profile-1.png]
[bplugins.net/neura/assets/img/testominial/v2/profile-2.png]
[bplugins.net/neura/assets/img/footer/v2/shap-1.png]
[bplugins.net/neura/home-2.html]
[bplugins.net/neura/assets/img/breadcum/v1/bg-shap.png]
[bplugins.net/neura/about-us.html]
[bplugins.net/neura/services.html]
[bplugins.net/neura/assets/img/service-details/v1/img-1.jpg]
[bplugins.net/neura/assets/img/service-details/v1/img-2.jpg]
[bplugins.net/neura/assets/img/widgets/brand-promo/v1/logo-1.svg]
[bplugins.net/neura/assets/img/widgets/brand-promo/v1/logo-2.svg]
[bplugins.net/neura/assets/img/widgets/brand-promo/v1/logo-3.svg]
[bplugins.net/neura/service-details.html]
[bplugins.net/neura/assets/img/blogs/v2/img-1.jpg]
[bplugins.net/neura/assets/img/blogs/v2/img-2.jpg]
[bplugins.net/neura/assets/img/blogs/v2/img-3.jpg]
[bplugins.net/neura/assets/img/blogs/v2/img-4.jpg]
[bplugins.net/neura/assets/img/blogs/v2/img-5.jpg]
[bplugins.net/neura/assets/img/blogs/v2/img-6.jpg]
[bplugins.net/neura/assets/img/widgets/recent-post/v1/post-img-1.jpg]
[bplugins.net/neura/assets/img/widgets/recent-post/v1/post-img-2.jpg]
[bplugins.net/neura/blog.html]
[bplugins.net/neura/assets/img/blog-details/v1/img-1.png]
[bplugins.net/neura/blog-details.html]
[bplugins.net/neura/price.html]
[bplugins.net/neura/faq.html]
[bplugins.net/neura/contact.html]
[bplugins.net/neura/assets/img/banner/v1/shap-1.svg]
[bplugins.net/neura/assets/img/service-collaboration/v1/logo-2.svg]
[bplugins.net/neura/assets/img/service-collaboration/v1/logo-1.svg]
[bplugins.net/neura/assets/img/service-collaboration/v1/logo-7.svg]
[bplugins.net/neura/assets/img/service-collaboration/v1/logo-4.svg]
[bplugins.net/neura/assets/img/compani-logos/v1/logo-1.svg]
[bplugins.net/neura/assets/img/compani-logos/v1/logo-2.svg]
[bplugins.net/neura/assets/img/compani-logos/v1/logo-3.svg]
[bplugins.net/neura/assets/img/compani-logos/v1/logo-4.svg]
[bplugins.net/neura/assets/img/compani-logos/v1/logo-5.svg]
[bplugins.net/neura/assets/js/jquery-3.7.1.min.js]
[bplugins.net/neura/assets/js/bootstrap.min.js]
[bplugins.net/neura/Version/index.html]
[bplugins.net/neura/e.53.delayed]
[bplugins.net/neura/t.params.url]
[bplugins.net/neura/GET]
[bplugins.net/neura/assets/js/plugins.js]
[bplugins.net/neura/assets/js/index.min.js]
[bplugins.net/neura/assets/all-icons/icomoon28a0.svg]
[bplugins.net/neura/assets/img/logo/Logo-2.svg]
[bplugins.net/neura/assets/img/service-collaboration/v1/logo-3.svg]
[bplugins.net/neura/assets/img/service-collaboration/v1/logo-5.svg]
[bplugins.net/neura/assets/img/service-collaboration/v1/logo-6.svg]
[bplugins.net/neura/assets/img/widgets/brand-promo/v1/logo-1.svg]
[bplugins.net/neura/assets/img/widgets/brand-promo/v1/logo-2.svg]
[bplugins.net/neura/assets/img/widgets/brand-promo/v1/logo-3.svg]
[bplugins.net/neura/assets/img/blog-details/v1/img-2.html]
[bplugins.net/neura/Version/index.html]
[bplugins.net/neura/e.html]
[bplugins.net/neura/t.params.html]
[bplugins.net/neura/GET.html]
